[2025-12-16 22:45:29,258] 223 root - INFO - [READ YAML] Reading YAML file: config/database.yaml
[2025-12-16 22:45:29,258] 228 root - INFO - [READ YAML] YAML file read successfully.
[2025-12-16 22:45:29,258] 47 root - INFO - [INIT] Ensured data ingestion directory: artifacts/data_ingestion
[2025-12-16 22:45:29,258] 117 root - INFO - ==== DATA INGESTION STARTED ====
[2025-12-16 22:45:29,258] 68 root - INFO - [DB] Fetching data from table: questions
[2025-12-16 22:45:31,610] 75 root - INFO - [DB] Data fetched → rows: 404351, columns: 6
[2025-12-16 22:45:31,625] 65 root - INFO - [SAVE CSV] Saving DataFrame to: artifacts/data_ingestion/raw.csv
[2025-12-16 22:45:32,515] 70 root - INFO - [SAVE CSV] DataFrame successfully saved. Shape: (404351, 6)
[2025-12-16 22:45:32,515] 87 root - INFO - [SAVE] Raw data stored at artifacts/data_ingestion/raw.csv
[2025-12-16 22:45:32,515] 93 root - INFO - [SPLIT] Performing train-test split (80-20)...
[2025-12-16 22:45:32,554] 97 root - INFO - [SPLIT] Train: (323480, 6), Test: (80871, 6)
[2025-12-16 22:45:32,554] 65 root - INFO - [SAVE CSV] Saving DataFrame to: artifacts/data_ingestion/train.csv
[2025-12-16 22:45:33,354] 70 root - INFO - [SAVE CSV] DataFrame successfully saved. Shape: (323480, 6)
[2025-12-16 22:45:33,354] 105 root - INFO - [SAVE] Train data saved to artifacts/data_ingestion/train.csv
[2025-12-16 22:45:33,354] 65 root - INFO - [SAVE CSV] Saving DataFrame to: artifacts/data_ingestion/test.csv
[2025-12-16 22:45:33,573] 70 root - INFO - [SAVE CSV] DataFrame successfully saved. Shape: (80871, 6)
[2025-12-16 22:45:33,573] 108 root - INFO - [SAVE] Test data saved to artifacts/data_ingestion/test.csv
[2025-12-16 22:45:33,573] 126 root - INFO - ==== DATA INGESTION COMPLETED SUCCESSFULLY ====
[2025-12-16 22:45:33,632] 116 root - INFO - [INIT] DataTransformation initialized
[2025-12-16 22:45:33,633] 223 root - INFO - [READ YAML] Reading YAML file: config/schema.yaml
[2025-12-16 22:45:33,633] 228 root - INFO - [READ YAML] YAML file read successfully.
[2025-12-16 22:45:33,633] 219 root - INFO - [DataTransformation] Started
[2025-12-16 22:45:33,633] 33 root - INFO - [READ CSV] Attempting to read CSV file at: artifacts/data_ingestion/train.csv
[2025-12-16 22:45:34,193] 40 root - INFO - [READ CSV] Successfully read CSV file. Shape: (323480, 6)
[2025-12-16 22:45:34,193] 33 root - INFO - [READ CSV] Attempting to read CSV file at: artifacts/data_ingestion/test.csv
[2025-12-16 22:45:34,321] 40 root - INFO - [READ CSV] Successfully read CSV file. Shape: (80871, 6)
[2025-12-16 22:45:34,322] 127 root - INFO - [FeatureCleaning] Initial shape: (323480, 6)
[2025-12-16 22:45:34,374] 134 root - INFO - [FeatureCleaning] Final shape: (323477, 3)
[2025-12-16 22:45:34,380] 127 root - INFO - [FeatureCleaning] Initial shape: (80871, 6)
[2025-12-16 22:45:34,391] 134 root - INFO - [FeatureCleaning] Final shape: (80871, 3)
[2025-12-16 22:45:34,393] 146 root - INFO - [FeatureEngineering] Started | Rows=323477
[2025-12-16 22:50:24,192] 181 root - INFO - [FeatureEngineering] Completed | Shape=(323477, 22) | Time=289.80s
[2025-12-16 22:50:24,226] 146 root - INFO - [FeatureEngineering] Started | Rows=80871
[2025-12-16 22:51:35,842] 181 root - INFO - [FeatureEngineering] Completed | Shape=(80871, 22) | Time=71.62s
[2025-12-16 22:51:35,851] 39 root - INFO - [CustomPreprocessor] Fit called (no state learned)
[2025-12-16 22:51:35,851] 44 root - INFO - [CustomPreprocessor] Transform started | Rows=323477 Cols=22
[2025-12-16 22:51:35,918] 52 root - INFO - [CustomPreprocessor] Processing column: question1
[2025-12-16 22:52:03,373] 52 root - INFO - [CustomPreprocessor] Processing column: question2
[2025-12-16 22:52:29,180] 87 root - INFO - [CustomPreprocessor] Completed in 53.33s
[2025-12-16 22:52:29,193] 44 root - INFO - [CustomPreprocessor] Transform started | Rows=80871 Cols=22
[2025-12-16 22:52:29,201] 52 root - INFO - [CustomPreprocessor] Processing column: question1
[2025-12-16 22:52:35,732] 52 root - INFO - [CustomPreprocessor] Processing column: question2
[2025-12-16 22:52:41,586] 87 root - INFO - [CustomPreprocessor] Completed in 12.39s
[2025-12-16 22:52:41,611] 190 root - INFO - [SAVE OBJ] Saving object to: artifacts/data_transformation/custom_preprocessor.pkl
[2025-12-16 22:52:41,612] 196 root - INFO - [SAVE OBJ] Object successfully saved.
[2025-12-16 22:52:41,612] 208 root - INFO - [SAVE] Preprocessor saved at artifacts/data_transformation/custom_preprocessor.pkl
[2025-12-16 22:52:41,612] 240 root - INFO - [DataTransformation] X_train=(323477, 21), y_train=(323477, 1)
[2025-12-16 22:52:41,612] 243 root - INFO - [DataTransformation] X_test=(80871, 21), y_test=(80871, 1)
[2025-12-16 22:52:41,618] 30 root - INFO - [INIT] ModelTrainer initialized
[2025-12-16 22:52:41,618] 34 root - INFO - [TRAINER] Model training started
[2025-12-16 22:52:41,644] 51 root - INFO - [TRAINER] Text shapes: q1=(323477,), q2=(323477,)
[2025-12-16 22:52:41,644] 54 root - INFO - [TRAINER] Engineered feature shape: (323477, 19)
[2025-12-16 22:52:44,328] 2049 gensim.models.keyedvectors - INFO - loading projection weights from /home/aryan/gensim-data/fasttext-wiki-news-subwords-300/fasttext-wiki-news-subwords-300.gz
[2025-12-16 22:55:11,398] 447 gensim.utils - INFO - KeyedVectors lifecycle event {'msg': 'loaded (999999, 300) matrix of type float32 from /home/aryan/gensim-data/fasttext-wiki-news-subwords-300/fasttext-wiki-news-subwords-300.gz', 'binary': False, 'encoding': 'utf8', 'datetime': '2025-12-16T22:55:11.398271', 'gensim': '4.4.0', 'python': '3.11.14 (main, Oct 21 2025, 18:31:21) [GCC 11.2.0]', 'platform': 'Linux-6.6.87.2-microsoft-standard-WSL2-x86_64-with-glibc2.39', 'event': 'load_word2vec_format'}
[2025-12-16 22:58:25,580] 123 root - INFO - [TRAINER] Test metrics: [0.5969301462173462, 0.7373232841491699]
[2025-12-16 22:58:30,884] 127 root - INFO - [TRAINER] Model saved at artifacts/model_trainer/siamese.keras
