[2025-12-15 19:54:45,050] 222 root - INFO - [READ YAML] Reading YAML file: config/database.yaml
[2025-12-15 19:54:45,052] 227 root - INFO - [READ YAML] YAML file read successfully.
[2025-12-15 19:54:45,052] 47 root - INFO - [INIT] Ensured data ingestion directory: artifacts/data_ingestion
[2025-12-15 19:54:45,052] 117 root - INFO - ==== DATA INGESTION STARTED ====
[2025-12-15 19:54:45,052] 68 root - INFO - [DB] Fetching data from table: questions
[2025-12-15 19:54:50,144] 75 root - INFO - [DB] Data fetched → rows: 404351, columns: 6
[2025-12-15 19:54:50,164] 64 root - INFO - [SAVE CSV] Saving DataFrame to: artifacts/data_ingestion/raw.csv
[2025-12-15 19:54:51,620] 69 root - INFO - [SAVE CSV] DataFrame successfully saved. Shape: (404351, 6)
[2025-12-15 19:54:51,620] 87 root - INFO - [SAVE] Raw data stored at artifacts/data_ingestion/raw.csv
[2025-12-15 19:54:51,620] 93 root - INFO - [SPLIT] Performing train-test split (80-20)...
[2025-12-15 19:54:51,699] 97 root - INFO - [SPLIT] Train: (323480, 6), Test: (80871, 6)
[2025-12-15 19:54:51,699] 64 root - INFO - [SAVE CSV] Saving DataFrame to: artifacts/data_ingestion/train.csv
[2025-12-15 19:54:53,118] 69 root - INFO - [SAVE CSV] DataFrame successfully saved. Shape: (323480, 6)
[2025-12-15 19:54:53,118] 105 root - INFO - [SAVE] Train data saved to artifacts/data_ingestion/train.csv
[2025-12-15 19:54:53,118] 64 root - INFO - [SAVE CSV] Saving DataFrame to: artifacts/data_ingestion/test.csv
[2025-12-15 19:54:53,460] 69 root - INFO - [SAVE CSV] DataFrame successfully saved. Shape: (80871, 6)
[2025-12-15 19:54:53,460] 108 root - INFO - [SAVE] Test data saved to artifacts/data_ingestion/test.csv
[2025-12-15 19:54:53,460] 126 root - INFO - ==== DATA INGESTION COMPLETED SUCCESSFULLY ====
[2025-12-15 19:54:53,525] 98 root - INFO - [INIT] Data transformation artifacts directory ensured.
[2025-12-15 19:54:53,525] 222 root - INFO - [READ YAML] Reading YAML file: config/schema.yaml
[2025-12-15 19:54:53,527] 227 root - INFO - [READ YAML] YAML file read successfully.
[2025-12-15 19:54:53,527] 32 root - INFO - [READ CSV] Attempting to read CSV file at: artifacts/data_ingestion/train.csv
[2025-12-15 19:54:54,308] 39 root - INFO - [READ CSV] Successfully read CSV file. Shape: (323480, 6)
[2025-12-15 19:54:54,308] 32 root - INFO - [READ CSV] Attempting to read CSV file at: artifacts/data_ingestion/test.csv
[2025-12-15 19:54:54,521] 39 root - INFO - [READ CSV] Successfully read CSV file. Shape: (80871, 6)
[2025-12-15 19:54:54,646] 32 root - INFO - [PIPELINE] Starting CustomPreprocessor
[2025-12-15 19:56:31,358] 81 root - INFO - [PIPELINE] CustomPreprocessor completed successfully
[2025-12-15 19:56:31,376] 32 root - INFO - [PIPELINE] Starting CustomPreprocessor
[2025-12-15 19:56:54,190] 81 root - INFO - [PIPELINE] CustomPreprocessor completed successfully
[2025-12-15 19:56:54,291] 189 root - INFO - [SAVE OBJ] Saving object to: artifacts/data_transformation/custom_preprocessor.pkl
[2025-12-15 19:56:54,295] 195 root - INFO - [SAVE OBJ] Object successfully saved.
[2025-12-15 19:56:54,304] 31 root - INFO - ModelTrainer initialized
[2025-12-15 19:56:54,304] 35 root - INFO - Model training started
