[2025-12-15 20:00:33,525] 222 root - INFO - [READ YAML] Reading YAML file: config/database.yaml
[2025-12-15 20:00:33,525] 227 root - INFO - [READ YAML] YAML file read successfully.
[2025-12-15 20:00:33,526] 47 root - INFO - [INIT] Ensured data ingestion directory: artifacts/data_ingestion
[2025-12-15 20:00:33,526] 117 root - INFO - ==== DATA INGESTION STARTED ====
[2025-12-15 20:00:33,526] 68 root - INFO - [DB] Fetching data from table: questions
[2025-12-15 20:00:36,058] 75 root - INFO - [DB] Data fetched → rows: 404351, columns: 6
[2025-12-15 20:00:36,074] 64 root - INFO - [SAVE CSV] Saving DataFrame to: artifacts/data_ingestion/raw.csv
[2025-12-15 20:00:37,106] 69 root - INFO - [SAVE CSV] DataFrame successfully saved. Shape: (404351, 6)
[2025-12-15 20:00:37,106] 87 root - INFO - [SAVE] Raw data stored at artifacts/data_ingestion/raw.csv
[2025-12-15 20:00:37,106] 93 root - INFO - [SPLIT] Performing train-test split (80-20)...
[2025-12-15 20:00:37,180] 97 root - INFO - [SPLIT] Train: (323480, 6), Test: (80871, 6)
[2025-12-15 20:00:37,180] 64 root - INFO - [SAVE CSV] Saving DataFrame to: artifacts/data_ingestion/train.csv
[2025-12-15 20:00:38,054] 69 root - INFO - [SAVE CSV] DataFrame successfully saved. Shape: (323480, 6)
[2025-12-15 20:00:38,054] 105 root - INFO - [SAVE] Train data saved to artifacts/data_ingestion/train.csv
[2025-12-15 20:00:38,054] 64 root - INFO - [SAVE CSV] Saving DataFrame to: artifacts/data_ingestion/test.csv
[2025-12-15 20:00:38,273] 69 root - INFO - [SAVE CSV] DataFrame successfully saved. Shape: (80871, 6)
[2025-12-15 20:00:38,273] 108 root - INFO - [SAVE] Test data saved to artifacts/data_ingestion/test.csv
[2025-12-15 20:00:38,273] 126 root - INFO - ==== DATA INGESTION COMPLETED SUCCESSFULLY ====
[2025-12-15 20:00:38,321] 98 root - INFO - [INIT] Data transformation artifacts directory ensured.
[2025-12-15 20:00:38,321] 222 root - INFO - [READ YAML] Reading YAML file: config/schema.yaml
[2025-12-15 20:00:38,323] 227 root - INFO - [READ YAML] YAML file read successfully.
[2025-12-15 20:00:38,323] 32 root - INFO - [READ CSV] Attempting to read CSV file at: artifacts/data_ingestion/train.csv
[2025-12-15 20:00:38,818] 39 root - INFO - [READ CSV] Successfully read CSV file. Shape: (323480, 6)
[2025-12-15 20:00:38,818] 32 root - INFO - [READ CSV] Attempting to read CSV file at: artifacts/data_ingestion/test.csv
[2025-12-15 20:00:38,928] 39 root - INFO - [READ CSV] Successfully read CSV file. Shape: (80871, 6)
[2025-12-15 20:00:39,002] 32 root - INFO - [PIPELINE] Starting CustomPreprocessor
[2025-12-15 20:01:38,196] 81 root - INFO - [PIPELINE] CustomPreprocessor completed successfully
[2025-12-15 20:01:38,207] 32 root - INFO - [PIPELINE] Starting CustomPreprocessor
[2025-12-15 20:01:52,150] 81 root - INFO - [PIPELINE] CustomPreprocessor completed successfully
[2025-12-15 20:01:52,207] 189 root - INFO - [SAVE OBJ] Saving object to: artifacts/data_transformation/custom_preprocessor.pkl
[2025-12-15 20:01:52,208] 195 root - INFO - [SAVE OBJ] Object successfully saved.
[2025-12-15 20:01:52,215] 31 root - INFO - ModelTrainer initialized
[2025-12-15 20:01:52,215] 35 root - INFO - Model training started
[2025-12-15 20:01:55,895] 2049 gensim.models.keyedvectors - INFO - loading projection weights from /home/aryan/gensim-data/glove-twitter-200/glove-twitter-200.gz
[2025-12-15 20:03:58,698] 447 gensim.utils - INFO - KeyedVectors lifecycle event {'msg': 'loaded (1193514, 200) matrix of type float32 from /home/aryan/gensim-data/glove-twitter-200/glove-twitter-200.gz', 'binary': False, 'encoding': 'utf8', 'datetime': '2025-12-15T20:03:58.697860', 'gensim': '4.4.0', 'python': '3.11.14 (main, Oct 21 2025, 18:31:21) [GCC 11.2.0]', 'platform': 'Linux-6.6.87.2-microsoft-standard-WSL2-x86_64-with-glibc2.39', 'event': 'load_word2vec_format'}
[2025-12-15 20:03:59,798] 47 root - INFO - None
[2025-12-15 20:08:04,882] 88 root - INFO - Test metrics: [0.8496680855751038, 0.845435380935669]
[2025-12-15 20:08:10,674] 92 root - INFO - Model saved at artifacts/model_trainer/siamese.keras
